/home/yash/.local/lib/python3.10/site-packages/setuptools/_distutils/dist.py:289: UserWarning: Unknown distribution option: 'tests_require'
  warnings.warn(msg)
running egg_info
creating ../../build/maze_explorer/maze_explorer.egg-info
writing ../../build/maze_explorer/maze_explorer.egg-info/PKG-INFO
writing dependency_links to ../../build/maze_explorer/maze_explorer.egg-info/dependency_links.txt
writing requirements to ../../build/maze_explorer/maze_explorer.egg-info/requires.txt
writing top-level names to ../../build/maze_explorer/maze_explorer.egg-info/top_level.txt
writing manifest file '../../build/maze_explorer/maze_explorer.egg-info/SOURCES.txt'
reading manifest file '../../build/maze_explorer/maze_explorer.egg-info/SOURCES.txt'
writing manifest file '../../build/maze_explorer/maze_explorer.egg-info/SOURCES.txt'
running build
running build_py
creating /home/yash/noss_ws/build/maze_explorer/build/lib/maze_explorer
copying maze_explorer/__init__.py -> /home/yash/noss_ws/build/maze_explorer/build/lib/maze_explorer
copying maze_explorer/explorer_node.py -> /home/yash/noss_ws/build/maze_explorer/build/lib/maze_explorer
running install
running install_lib
creating /home/yash/noss_ws/install/maze_explorer/lib/python3.10/site-packages/maze_explorer
copying /home/yash/noss_ws/build/maze_explorer/build/lib/maze_explorer/__init__.py -> /home/yash/noss_ws/install/maze_explorer/lib/python3.10/site-packages/maze_explorer
copying /home/yash/noss_ws/build/maze_explorer/build/lib/maze_explorer/explorer_node.py -> /home/yash/noss_ws/install/maze_explorer/lib/python3.10/site-packages/maze_explorer
byte-compiling /home/yash/noss_ws/install/maze_explorer/lib/python3.10/site-packages/maze_explorer/__init__.py to __init__.cpython-310.pyc
byte-compiling /home/yash/noss_ws/install/maze_explorer/lib/python3.10/site-packages/maze_explorer/explorer_node.py to explorer_node.cpython-310.pyc
running install_data
creating /home/yash/noss_ws/install/maze_explorer/share/ament_index/resource_index/packages
copying resource/maze_explorer -> /home/yash/noss_ws/install/maze_explorer/share/ament_index/resource_index/packages
copying package.xml -> /home/yash/noss_ws/install/maze_explorer/share/maze_explorer
creating /home/yash/noss_ws/install/maze_explorer/share/maze_explorer/launch
copying launch/maze_sim.launch.py -> /home/yash/noss_ws/install/maze_explorer/share/maze_explorer/launch
creating /home/yash/noss_ws/install/maze_explorer/share/maze_explorer/urdf
copying urdf/robot.urdf -> /home/yash/noss_ws/install/maze_explorer/share/maze_explorer/urdf
creating /home/yash/noss_ws/install/maze_explorer/share/maze_explorer/worlds
copying worlds/maze.world -> /home/yash/noss_ws/install/maze_explorer/share/maze_explorer/worlds
copying worlds/maze1.world -> /home/yash/noss_ws/install/maze_explorer/share/maze_explorer/worlds
creating /home/yash/noss_ws/install/maze_explorer/share/maze_explorer/meshes
copying meshes/caster_wheel.stl -> /home/yash/noss_ws/install/maze_explorer/share/maze_explorer/meshes
copying meshes/wheel.stl -> /home/yash/noss_ws/install/maze_explorer/share/maze_explorer/meshes
copying meshes/caster_part.stl -> /home/yash/noss_ws/install/maze_explorer/share/maze_explorer/meshes
copying meshes/bot_body.stl -> /home/yash/noss_ws/install/maze_explorer/share/maze_explorer/meshes
copying meshes/bot_body_ascii.stl -> /home/yash/noss_ws/install/maze_explorer/share/maze_explorer/meshes
creating /home/yash/noss_ws/install/maze_explorer/share/maze_explorer/config
copying config/nav2_params.yaml -> /home/yash/noss_ws/install/maze_explorer/share/maze_explorer/config
copying config/slam_param.yaml -> /home/yash/noss_ws/install/maze_explorer/share/maze_explorer/config
running install_egg_info
Copying ../../build/maze_explorer/maze_explorer.egg-info to /home/yash/noss_ws/install/maze_explorer/lib/python3.10/site-packages/maze_explorer-0.0.0-py3.10.egg-info
running install_scripts
writing list of installed files to '/home/yash/noss_ws/build/maze_explorer/install.log'
