/home/yash/.local/lib/python3.10/site-packages/setuptools/_distutils/dist.py:289: UserWarning: Unknown distribution option: 'tests_require'
  warnings.warn(msg)
running egg_info
writing ../../build/maze_explorer/maze_explorer.egg-info/PKG-INFO
writing dependency_links to ../../build/maze_explorer/maze_explorer.egg-info/dependency_links.txt
writing entry points to ../../build/maze_explorer/maze_explorer.egg-info/entry_points.txt
writing requirements to ../../build/maze_explorer/maze_explorer.egg-info/requires.txt
writing top-level names to ../../build/maze_explorer/maze_explorer.egg-info/top_level.txt
reading manifest file '../../build/maze_explorer/maze_explorer.egg-info/SOURCES.txt'
writing manifest file '../../build/maze_explorer/maze_explorer.egg-info/SOURCES.txt'
running build
running build_py
copying maze_explorer/__init__.py -> /home/yash/noss_ws/build/maze_explorer/build/lib/maze_explorer
copying maze_explorer/explorer_node.py -> /home/yash/noss_ws/build/maze_explorer/build/lib/maze_explorer
running install
running install_lib
running install_data
copying resource/maze_explorer -> /home/yash/noss_ws/install/maze_explorer/share/ament_index/resource_index/packages
copying package.xml -> /home/yash/noss_ws/install/maze_explorer/share/maze_explorer
copying launch/maze_sim.launch.py -> /home/yash/noss_ws/install/maze_explorer/share/maze_explorer/launch
copying urdf/robot.urdf -> /home/yash/noss_ws/install/maze_explorer/share/maze_explorer/urdf
copying worlds/maze.world -> /home/yash/noss_ws/install/maze_explorer/share/maze_explorer/worlds
copying worlds/maze1.world -> /home/yash/noss_ws/install/maze_explorer/share/maze_explorer/worlds
copying meshes/nidar_maze2.stl -> /home/yash/noss_ws/install/maze_explorer/share/maze_explorer/meshes
copying meshes/caster_wheel.stl -> /home/yash/noss_ws/install/maze_explorer/share/maze_explorer/meshes
copying meshes/wheel.stl -> /home/yash/noss_ws/install/maze_explorer/share/maze_explorer/meshes
copying meshes/caster_part.stl -> /home/yash/noss_ws/install/maze_explorer/share/maze_explorer/meshes
copying meshes/bot_body.stl -> /home/yash/noss_ws/install/maze_explorer/share/maze_explorer/meshes
copying meshes/bot_body_ascii.stl -> /home/yash/noss_ws/install/maze_explorer/share/maze_explorer/meshes
copying meshes/nidar_maze1.stl -> /home/yash/noss_ws/install/maze_explorer/share/maze_explorer/meshes
copying config/nav2_params.yaml -> /home/yash/noss_ws/install/maze_explorer/share/maze_explorer/config
copying config/slam_params.yaml -> /home/yash/noss_ws/install/maze_explorer/share/maze_explorer/config
copying config/explorer_params.yaml -> /home/yash/noss_ws/install/maze_explorer/share/maze_explorer/config
running install_egg_info
removing '/home/yash/noss_ws/install/maze_explorer/lib/python3.10/site-packages/maze_explorer-0.0.0-py3.10.egg-info' (and everything under it)
Copying ../../build/maze_explorer/maze_explorer.egg-info to /home/yash/noss_ws/install/maze_explorer/lib/python3.10/site-packages/maze_explorer-0.0.0-py3.10.egg-info
running install_scripts
Installing explorer_node script to /home/yash/noss_ws/install/maze_explorer/lib/maze_explorer
writing list of installed files to '/home/yash/noss_ws/build/maze_explorer/install.log'
