[0.583s] Invoking command in '/home/yash/noss_ws/src/maze_explorer': PYTHONPATH=/home/yash/noss_ws/build/maze_explorer/prefix_override:/usr/lib/python3/dist-packages/colcon_core/task/python/colcon_distutils_commands:/home/yash/noss_ws/install/maze_explorer/lib/python3.10/site-packages:${PYTHONPATH} /usr/bin/python3 -W ignore:setup.py install is deprecated -W ignore:easy_install command is deprecated setup.py egg_info --egg-base ../../build/maze_explorer build --build-base /home/yash/noss_ws/build/maze_explorer/build install --record /home/yash/noss_ws/build/maze_explorer/install.log --install-scripts $base/lib/maze_explorer --single-version-externally-managed install_data
[0.695s] /home/yash/.local/lib/python3.10/site-packages/setuptools/_distutils/dist.py:289: UserWarning: Unknown distribution option: 'tests_require'
[0.695s]   warnings.warn(msg)
[0.772s] running egg_info
[0.785s] writing ../../build/maze_explorer/maze_explorer.egg-info/PKG-INFO
[0.785s] writing dependency_links to ../../build/maze_explorer/maze_explorer.egg-info/dependency_links.txt
[0.785s] writing entry points to ../../build/maze_explorer/maze_explorer.egg-info/entry_points.txt
[0.785s] writing requirements to ../../build/maze_explorer/maze_explorer.egg-info/requires.txt
[0.786s] writing top-level names to ../../build/maze_explorer/maze_explorer.egg-info/top_level.txt
[0.812s] reading manifest file '../../build/maze_explorer/maze_explorer.egg-info/SOURCES.txt'
[0.813s] writing manifest file '../../build/maze_explorer/maze_explorer.egg-info/SOURCES.txt'
[0.813s] running build
[0.813s] running build_py
[0.813s] copying maze_explorer/__init__.py -> /home/yash/noss_ws/build/maze_explorer/build/lib/maze_explorer
[0.813s] copying maze_explorer/explorer_node.py -> /home/yash/noss_ws/build/maze_explorer/build/lib/maze_explorer
[0.813s] running install
[0.816s] running install_lib
[0.829s] copying /home/yash/noss_ws/build/maze_explorer/build/lib/maze_explorer/__init__.py -> /home/yash/noss_ws/install/maze_explorer/lib/python3.10/site-packages/maze_explorer
[0.829s] copying /home/yash/noss_ws/build/maze_explorer/build/lib/maze_explorer/explorer_node.py -> /home/yash/noss_ws/install/maze_explorer/lib/python3.10/site-packages/maze_explorer
[0.830s] byte-compiling /home/yash/noss_ws/install/maze_explorer/lib/python3.10/site-packages/maze_explorer/__init__.py to __init__.cpython-310.pyc
[0.830s] byte-compiling /home/yash/noss_ws/install/maze_explorer/lib/python3.10/site-packages/maze_explorer/explorer_node.py to explorer_node.cpython-310.pyc
[0.838s] running install_data
[0.838s] copying resource/maze_explorer -> /home/yash/noss_ws/install/maze_explorer/share/ament_index/resource_index/packages
[0.838s] copying package.xml -> /home/yash/noss_ws/install/maze_explorer/share/maze_explorer
[0.839s] copying launch/maze_sim.launch.py -> /home/yash/noss_ws/install/maze_explorer/share/maze_explorer/launch
[0.839s] copying urdf/robot.urdf -> /home/yash/noss_ws/install/maze_explorer/share/maze_explorer/urdf
[0.839s] copying worlds/maze.world -> /home/yash/noss_ws/install/maze_explorer/share/maze_explorer/worlds
[0.839s] copying worlds/maze1.world -> /home/yash/noss_ws/install/maze_explorer/share/maze_explorer/worlds
[0.839s] copying meshes/nidar_maze2.stl -> /home/yash/noss_ws/install/maze_explorer/share/maze_explorer/meshes
[0.840s] copying meshes/caster_wheel.stl -> /home/yash/noss_ws/install/maze_explorer/share/maze_explorer/meshes
[0.840s] copying meshes/wheel.stl -> /home/yash/noss_ws/install/maze_explorer/share/maze_explorer/meshes
[0.841s] copying meshes/caster_part.stl -> /home/yash/noss_ws/install/maze_explorer/share/maze_explorer/meshes
[0.841s] copying meshes/bot_body.stl -> /home/yash/noss_ws/install/maze_explorer/share/maze_explorer/meshes
[0.842s] copying meshes/bot_body_ascii.stl -> /home/yash/noss_ws/install/maze_explorer/share/maze_explorer/meshes
[0.842s] copying meshes/nidar_maze1.stl -> /home/yash/noss_ws/install/maze_explorer/share/maze_explorer/meshes
[0.842s] copying config/nav2_params.yaml -> /home/yash/noss_ws/install/maze_explorer/share/maze_explorer/config
[0.842s] copying config/slam_params.yaml -> /home/yash/noss_ws/install/maze_explorer/share/maze_explorer/config
[0.842s] copying config/explorer_params.yaml -> /home/yash/noss_ws/install/maze_explorer/share/maze_explorer/config
[0.842s] running install_egg_info
[0.856s] removing '/home/yash/noss_ws/install/maze_explorer/lib/python3.10/site-packages/maze_explorer-0.0.0-py3.10.egg-info' (and everything under it)
[0.857s] Copying ../../build/maze_explorer/maze_explorer.egg-info to /home/yash/noss_ws/install/maze_explorer/lib/python3.10/site-packages/maze_explorer-0.0.0-py3.10.egg-info
[0.857s] running install_scripts
[0.954s] Installing explorer_node script to /home/yash/noss_ws/install/maze_explorer/lib/maze_explorer
[0.955s] writing list of installed files to '/home/yash/noss_ws/build/maze_explorer/install.log'
[0.977s] Invoked command in '/home/yash/noss_ws/src/maze_explorer' returned '0': PYTHONPATH=/home/yash/noss_ws/build/maze_explorer/prefix_override:/usr/lib/python3/dist-packages/colcon_core/task/python/colcon_distutils_commands:/home/yash/noss_ws/install/maze_explorer/lib/python3.10/site-packages:${PYTHONPATH} /usr/bin/python3 -W ignore:setup.py install is deprecated -W ignore:easy_install command is deprecated setup.py egg_info --egg-base ../../build/maze_explorer build --build-base /home/yash/noss_ws/build/maze_explorer/build install --record /home/yash/noss_ws/build/maze_explorer/install.log --install-scripts $base/lib/maze_explorer --single-version-externally-managed install_data
