/home/yash/noss_ws/install/maze_explorer/lib/python3.10/site-packages/maze_explorer/__init__.py
/home/yash/noss_ws/install/maze_explorer/lib/python3.10/site-packages/maze_explorer/explorer_node.py
/home/yash/noss_ws/install/maze_explorer/lib/python3.10/site-packages/maze_explorer/__pycache__/__init__.cpython-310.pyc
/home/yash/noss_ws/install/maze_explorer/lib/python3.10/site-packages/maze_explorer/__pycache__/explorer_node.cpython-310.pyc
/home/yash/noss_ws/install/maze_explorer/share/ament_index/resource_index/packages/maze_explorer
/home/yash/noss_ws/install/maze_explorer/share/maze_explorer/package.xml
/home/yash/noss_ws/install/maze_explorer/share/maze_explorer/launch/maze_sim.launch.py
/home/yash/noss_ws/install/maze_explorer/share/maze_explorer/urdf/robot.urdf
/home/yash/noss_ws/install/maze_explorer/share/maze_explorer/worlds/maze.world
/home/yash/noss_ws/install/maze_explorer/share/maze_explorer/worlds/maze1.world
/home/yash/noss_ws/install/maze_explorer/share/maze_explorer/meshes/nidar_maze2.stl
/home/yash/noss_ws/install/maze_explorer/share/maze_explorer/meshes/caster_wheel.stl
/home/yash/noss_ws/install/maze_explorer/share/maze_explorer/meshes/wheel.stl
/home/yash/noss_ws/install/maze_explorer/share/maze_explorer/meshes/caster_part.stl
/home/yash/noss_ws/install/maze_explorer/share/maze_explorer/meshes/bot_body.stl
/home/yash/noss_ws/install/maze_explorer/share/maze_explorer/meshes/bot_body_ascii.stl
/home/yash/noss_ws/install/maze_explorer/share/maze_explorer/meshes/nidar_maze1.stl
/home/yash/noss_ws/install/maze_explorer/share/maze_explorer/config/nav2_params.yaml
/home/yash/noss_ws/install/maze_explorer/share/maze_explorer/config/slam_params.yaml
/home/yash/noss_ws/install/maze_explorer/share/maze_explorer/config/explorer_params.yaml
/home/yash/noss_ws/install/maze_explorer/lib/python3.10/site-packages/maze_explorer-0.0.0-py3.10.egg-info/zip-safe
/home/yash/noss_ws/install/maze_explorer/lib/python3.10/site-packages/maze_explorer-0.0.0-py3.10.egg-info/PKG-INFO
/home/yash/noss_ws/install/maze_explorer/lib/python3.10/site-packages/maze_explorer-0.0.0-py3.10.egg-info/top_level.txt
/home/yash/noss_ws/install/maze_explorer/lib/python3.10/site-packages/maze_explorer-0.0.0-py3.10.egg-info/dependency_links.txt
/home/yash/noss_ws/install/maze_explorer/lib/python3.10/site-packages/maze_explorer-0.0.0-py3.10.egg-info/requires.txt
/home/yash/noss_ws/install/maze_explorer/lib/python3.10/site-packages/maze_explorer-0.0.0-py3.10.egg-info/entry_points.txt
/home/yash/noss_ws/install/maze_explorer/lib/python3.10/site-packages/maze_explorer-0.0.0-py3.10.egg-info/SOURCES.txt
/home/yash/noss_ws/install/maze_explorer/lib/maze_explorer/explorer_node
